{
  "inReplyTo": "request-id",
  "dataset": "Default",
  "type": "dump.start"
}
{
  "inReplyTo": "request-id",
  "dataset": "Default",
  "type": "dump.start"
}
{
  "inReplyTo": "request-id",
  "statusCode": 200,
  "type": "dump.result",
  "body": true
}
{
  "inReplyTo": "request-id",
  "dataset": "Default",
  "body": {
    "type": "Array",
    "name": "Logs"
  },
  "type": "dump.table"
}
{
  "inReplyTo": "request-id",
  "dataset": "Default",
  "body": {
    "type": "Array",
    "name": "Logs"
  },
  "type": "dump.table"
}
{
  "inReplyTo": "request-id",
  "dataset": "Default",
  "type": "dump.end"
}
{
  "inReplyTo": "request-id",
  "dataset": "Default",
  "type": "dump.end"
}
