{
  "inReplyTo": "request-id",
  "statusCode": 200,
  "type": "add.result",
  "body": true
}
