{
  "inReplyTo": "request-id",
  "statusCode": 200,
  "type": "system.statistics.object.count.per-volume.result",
  "body": {
    "127.0.0.1:23003/droonga.000": {
      "tables":  0,
      "columns": 0,
      "records": 0,
      "total":   0
    },
    "127.0.0.1:23003/droonga.010": {
      "tables":  0,
      "columns": 0,
      "records": 0,
      "total":   0
    }
  }
}
