[
  "droonga.message",
  0,
  {
    "inReplyTo": "request-id",
    "statusCode": 200,
    "type": "search.result",
    "body": {
      "memos": {
        "records": [
          [
            "Droonga is fun.",
            61
          ],
          [
            "Groonga is fast!",
            21
          ]
        ]
      }
    }
  }
]
