{
  "inReplyTo": "request-id",
  "statusCode": 200,
  "type": "system.statistics.object.count.result",
  "body": {
    "tables":  2,
    "columns": 0,
    "records": 0,
    "total":   2
  }
}
