{
  "inReplyTo": "request-id",
  "statusCode": 200,
  "type": "table_create.result",
  "body": [
    [
      0,
      0.0,
      0.0
    ],
    true
  ]
}
{
  "inReplyTo": "request-id",
  "statusCode": 200,
  "type": "column_create.result",
  "body": [
    [
      0,
      0.0,
      0.0
    ],
    true
  ]
}
{
  "inReplyTo": "request-id",
  "statusCode": 200,
  "type": "column_list.result",
  "body": [
    [
      0,
      0.0,
      0.0
    ],
    true
  ]
}
