{
  "inReplyTo": "request-id",
  "statusCode": 200,
  "type": "column_list.result",
  "body": [
    [
      -22,
      0.0,
      0.0,
      "table not found: <Unknown>"
    ]
  ]
}
