{
  "inReplyTo": "request-id",
  "statusCode": 200,
  "type": "table_create.result",
  "body": [
    [
      0,
      0.0,
      0.0
    ],
    true
  ]
}
{
  "inReplyTo": "request-id",
  "statusCode": 200,
  "type": "table_list.result",
  "body": [
    [
      0,
      0.0,
      0.0
    ],
    [
      [
        [
          "id",
          "UInt32"
        ],
        [
          "name",
          "ShortText"
        ],
        [
          "path",
          "ShortText"
        ],
        [
          "flags",
          "ShortText"
        ],
        [
          "domain",
          "ShortText"
        ],
        [
          "range",
          "ShortText"
        ],
        [
          "default_tokenizer",
          "ShortText"
        ],
        [
          "normalizer",
          "ShortText"
        ]
      ],
      [
        256,
        "User",
        "/path/to/table",
        "TABLE_PAT_KEY|PERSISTENT",
        "ShortText",
        null,
        null,
        null
      ]
    ]
  ]
}
