[
  "droonga.message",
  0,
  {
    "inReplyTo": "request-id",
    "statusCode": 200,
    "type": "table_remove.result",
    "body": [
      [
        0,
        0.0,
        0.0
      ],
      true
    ]
  }
]
