[
  "droonga.message",
  0,
  {
    "inReplyTo": "request-id",
    "statusCode": 200,
    "type": "table_remove.result",
    "body": [
      [
        -22,
        0.0,
        0.0,
        "table not found"
      ],
      false
    ]
  }
]
