[
  "droonga.message",
  0,
  {
    "inReplyTo": "request-id",
    "statusCode": 200,
    "type": "search.result",
    "body": {
      "documents": {
        "count": 9,
        "records": [
          [],
          [],
          []
        ]
      }
    }
  }
]
