{
  "inReplyTo": "request-id",
  "statusCode": 200,
  "type": "search.result",
  "body": {
    "memos": {
      "attributes": [
        {
          "name": "_key",
          "type": "ShortText",
          "vector": false
        },
        {
          "name": "tags",
          "type": "Tags",
          "vector": true
        }
      ],
      "records": [
        [
          "Droonga is fun",
          [
            "Droonga",
            "Fun"
          ]
        ]
      ]
    }
  }
}
