{
  "inReplyTo": "request-id",
  "statusCode": 200,
  "type": "search.result",
  "body": {
    "result": {
      "count": 9,
      "attributes": [
        {
          "name": "title",
          "type": "ShortText",
          "vector": false
        }
      ],
      "records": [
        [
          "Groonga library"
        ],
        [
          "Geo-location (latitude and longitude) search"
        ],
        [
          "Sharable storage and read lock-free"
        ],
        [
          "Inverted index and tokenizer"
        ]
      ]
    }
  }
}
