{
  "inReplyTo": "request-id",
  "statusCode": 200,
  "type": "table_create.result",
  "body": [
    [
      -22,
      0.0,
      0.0,
      "key_type is required for TABLE_PAT_KEY table"
    ],
    false
  ]
}
