[
  "droonga.message",
  0,
  {
    "inReplyTo": "request-id",
    "statusCode": 400,
    "type": "add.result",
    "body": {
      "name": "MissingDatasetParameter",
      "message": "\"dataset\" must be specified."
    }
  }
]
