[
  "droonga.message",
  0,
  {
    "inReplyTo": "request-id",
    "statusCode": 404,
    "type": "add.result",
    "body": {
      "name": "UnknownTable",
      "message": "The table \"Unknown\" does not exist in the dataset."
    }
  }
]
