{
  "inReplyTo": "request-id",
  "statusCode": 200,
  "type": "system.object.count.result",
  "body": {
    "tables":  0,
    "columns": 0,
    "records": 0,
    "total":   0
  }
}
