{
  "inReplyTo": "request-id",
  "statusCode": 200,
  "type": "search.result",
  "body": {
    "result": {
      "count": 1,
      "records": [
        [
          "Groonga storage engine"
        ]
      ]
    }
  }
}
