{
  "inReplyTo": "request-id",
  "statusCode": 200,
  "type": "add.result",
  "body": true
}
{
  "inReplyTo": "request-id",
  "statusCode": 200,
  "type": "delete.result",
  "body": [
    [
      0,
      0.0,
      0.0
    ],
    true
  ]
}
