{
  "inReplyTo": "request-id",
  "statusCode": 400,
  "type": "search.result",
  "body": {
    "name": "CyclicSource",
    "message": "There is cyclic reference of sources.",
    "detail": {
      "a": {
        "source": "b"
      },
      "b": {
        "source": "a"
      }
    }
  }
}
