{
  "inReplyTo": "request-id",
  "statusCode": 200,
  "type": "status.result",
  "body": {
    "nodes": {
      "127.0.0.1:23003/droonga": {
        "live": true
      }
    }
  }
}
