{
  "inReplyTo": "request-id",
  "statusCode": 200,
  "type": "add.result",
  "body": true
}
{
  "inReplyTo": "request-id",
  "statusCode": 200,
  "type": "add.result",
  "body": true
}
{
  "inReplyTo": "request-id",
  "statusCode": 200,
  "type": "add.result",
  "body": true
}
{
  "inReplyTo": "request-id",
  "statusCode": 200,
  "type": "search.result",
  "body": {
    "products": {
      "records": [
        [
          1,
          "Groonga"
        ],
        [
          2,
          "Droonga"
        ],
        [
          3,
          "Ruby"
        ]
      ]
    }
  }
}
